
> rockhop@0.3.2 harness:gate /Users/raynos/projects/games/rockhop
> tsx harness/gate/ship-gate.ts --track c1-low-tide --quick --jobs 1 --only=boot,clear,clearPro,crash,restart,bundle

gate c1-low-tide: physics=bikePhysicsFactory-v2 thresholds=harness/gate/thresholds.json
WARNING dist/ is older than src/ (dist 2026-09-30T10:01:32.047Z, src 2026-09-30T10:13:19.383Z): node and browser may run different code; pass --build
renderer: ANGLE (Apple, ANGLE Metal Renderer: Apple M5 Max, Unspecified Version) -> ship limits
      golden: WARNING nothing under harness/inputs/c1-low-tide/ is a rookie golden stamped src=fd8fe7c2; using newest bot-3.json (src=a415fcb8) — re-run pnpm harness:bot c1-low-tide
sections: pool of 1 (clear, clearPro, crash, determinism, camera, bundle) + timing chain (boot, restart, heap), then offline — only boot, clear, clearPro, crash, restart, bundle; loadavg 2.4 3.0 3.7 / 18 cores
PASS  clear.golden                 true  (limit true)  bot-3.json finish=30.349999999999998 run=30.350 faults=0
PASS  clear.finishTimeBitEqual     true  (limit true)  expected 30.349999999999998
PASS  clear.hashOk                 true  (limit true)  2bfe061963ffb058 vs pinned 2bfe061963ffb058
      section clear: 0.6 s, loadavg 2.4 3.0 3.7 / 18 cores
PASS  clear.pro.c1                 true  (limit true)  bot-3-pro.json (src matches) finish=28.15 faults=0 hash 7ebdd3902741b09d vs pinned 7ebdd3902741b09d (expected finish 28.15)
PASS  clear.pro.d3                 true  (limit true)  bot-3-pro.json (src matches) finish=32.458333333333336 faults=0 hash 774c599b55917f5a vs pinned 774c599b55917f5a (expected finish 32.458333333333336)
      section clearPro: 0.8 s, loadavg 2.5 3.0 3.7 / 18 cores
PASS  crash.faultWithinS           0.86s  (limit 8s)  reason=crash
PASS  fault.toControlMs            25ms  (limit 500ms)  crash tick -> restart mash on the next tick -> bike moving; auto-respawn path 1017 ms (CONTRACT §2.8: 1.0 s)
      section crash: 0.7 s, loadavg 2.5 3.0 3.7 / 18 cores
PASS  bundle.jsGzipKB              691.16KB  (limit 700KB)  player JS (excluding dev and fatal-error telemetry phases); outside player budget: audio-offline-pCHlt1VQ.js, legacy-physics-w7EuEkNl.js, retired-i9lO8tn5.js, sentry-errors-DZ1jjk5-.js 213.9 KB gz; dist 44021 KB raw
      section bundle: 0.0 s, loadavg 2.5 3.0 3.7 / 18 cores
PASS  boot.readyP50Ms              115.43ms  (limit 300ms)  runs 115/238/106 min 106 loadavg 2.5/18
PASS  boot.firstFrameMs            493.32ms  (limit 900ms)  ready -> first synced frame
      section boot: 3.4 s, loadavg 2.5 3.0 3.7 / 18 cores
PASS  restart.ticks                1  (limit 1)  tick==0 && faulted==null after exactly one tick, 20 reps
PASS  restart.wallMsP95            0.16ms  (limit 5ms)
PASS  restart.frameMsP95           5.01ms  (limit 33ms)  restart -> synced frame
PASS  restart.noCountdown          1 ticks  (limit 12 ticks)  worst of 20 reps: held throttle after the restart tick until the bike rolls (a countdown would be 360+); first-tick roll yes; game faults=20
      section restart: 1.7 s, loadavg 2.5 3.0 3.7 / 18 cores
PASS  boot.readyP50Ms              115.43ms  (limit 300ms)  runs 115/238/106 min 106 loadavg 2.5/18
PASS  boot.firstFrameMs            493.32ms  (limit 900ms)  ready -> first synced frame
PASS  clear.golden                 true  (limit true)  bot-3.json finish=30.349999999999998 run=30.350 faults=0
PASS  clear.finishTimeBitEqual     true  (limit true)  expected 30.349999999999998
PASS  clear.hashOk                 true  (limit true)  2bfe061963ffb058 vs pinned 2bfe061963ffb058
PASS  clear.pro.c1                 true  (limit true)  bot-3-pro.json (src matches) finish=28.15 faults=0 hash 7ebdd3902741b09d vs pinned 7ebdd3902741b09d (expected finish 28.15)
PASS  clear.pro.d3                 true  (limit true)  bot-3-pro.json (src matches) finish=32.458333333333336 faults=0 hash 774c599b55917f5a vs pinned 774c599b55917f5a (expected finish 32.458333333333336)
PASS  crash.faultWithinS           0.86s  (limit 8s)  reason=crash
PASS  fault.toControlMs            25ms  (limit 500ms)  crash tick -> restart mash on the next tick -> bike moving; auto-respawn path 1017 ms (CONTRACT §2.8: 1.0 s)
PASS  restart.ticks                1  (limit 1)  tick==0 && faulted==null after exactly one tick, 20 reps
PASS  restart.wallMsP95            0.16ms  (limit 5ms)
PASS  restart.frameMsP95           5.01ms  (limit 33ms)  restart -> synced frame
PASS  restart.noCountdown          1 ticks  (limit 12 ticks)  worst of 20 reps: held throttle after the restart tick until the bike rolls (a countdown would be 360+); first-tick roll yes; game faults=20
PASS  bundle.jsGzipKB              691.16KB  (limit 700KB)  player JS (excluding dev and fatal-error telemetry phases); outside player budget: audio-offline-pCHlt1VQ.js, legacy-physics-w7EuEkNl.js, retired-i9lO8tn5.js, sentry-errors-DZ1jjk5-.js 213.9 KB gz; dist 44021 KB raw

PARTIAL (boot, clear, clearPro, crash, restart, bundle): 14/14 checks pass — not a ship verdict; report: /Users/raynos/projects/games/rockhop/harness/out/metrics/ship-gate.partial.json
