> rockhop@0.3.2 harness:gate /Users/raynos/projects/games/rockhop
> tsx harness/gate/ship-gate.ts --track c1-low-tide --only=boot,clear,clearPro,crash,restart,bundle --jobs=1 --quiet-timing

gate c1-low-tide: physics=bikePhysicsFactory-v2 thresholds=harness/gate/thresholds.json
renderer: ANGLE (Apple, ANGLE Metal Renderer: Apple M5 Max, Unspecified Version) -> ship limits
      golden: WARNING nothing under harness/inputs/c1-low-tide/ is a rookie golden stamped src=fd8fe7c2; using newest bot-3.json (src=a415fcb8) — re-run pnpm harness:bot c1-low-tide
sections: pool of 1 (clear, clearPro, crash, determinism, camera, bundle) then timing chain (boot, restart, heap), then offline — only boot, clear, clearPro, crash, restart, bundle; loadavg 2.2 2.5 2.7 / 18 cores
PASS  clear.golden                 true  (limit true)  bot-3.json finish=30.349999999999998 run=30.350 faults=0
PASS  clear.finishTimeBitEqual     true  (limit true)  expected 30.349999999999998
PASS  clear.hashOk                 true  (limit true)  2bfe061963ffb058 vs pinned 2bfe061963ffb058
      section clear: 0.5 s, loadavg 2.3 2.6 2.7 / 18 cores
PASS  clear.pro.c1                 true  (limit true)  bot-3-pro.json (src matches) finish=28.15 faults=0 hash 7ebdd3902741b09d vs pinned 7ebdd3902741b09d (expected finish 28.15)
PASS  clear.pro.d3                 true  (limit true)  bot-3-pro.json (src matches) finish=32.458333333333336 faults=0 hash 774c599b55917f5a vs pinned 774c599b55917f5a (expected finish 32.458333333333336)
      section clearPro: 0.6 s, loadavg 2.3 2.6 2.7 / 18 cores
PASS  crash.faultWithinS           0.86s  (limit 8s)  reason=crash
PASS  fault.toControlMs            25ms  (limit 500ms)  crash tick -> restart mash on the next tick -> bike moving; auto-respawn path 1017 ms (CONTRACT §2.8: 1.0 s)
      section crash: 0.5 s, loadavg 2.3 2.6 2.7 / 18 cores
PASS  bundle.jsGzipKB              697.52KB  (limit 700KB)  player JS (excluding dev and fatal-error telemetry phases); outside player budget: audio-offline-C85dGBf6.js, legacy-physics-DCUmOv8k.js, retired-V9E9RKrZ.js, sentry-errors-DZ1jjk5-.js 213.9 KB gz; dist 42556 KB raw
      section bundle: 0.0 s, loadavg 2.3 2.6 2.7 / 18 cores
PASS  boot.readyP50Ms              197.34ms  (limit 300ms)  runs 199/197/196/193/199 min 193 loadavg 2.28/18
PASS  boot.firstFrameMs            380.80ms  (limit 900ms)  ready -> first synced frame
      section boot: 4.0 s, loadavg 2.3 2.6 2.7 / 18 cores
PASS  restart.ticks                1  (limit 1)  tick==0 && faulted==null after exactly one tick, 20 reps
PASS  restart.wallMsP95            0.14ms  (limit 5ms)
PASS  restart.frameMsP95           4.73ms  (limit 33ms)  restart -> synced frame
PASS  restart.noCountdown          1 ticks  (limit 12 ticks)  worst of 20 reps: held throttle after the restart tick until the bike rolls (a countdown would be 360+); first-tick roll yes; game faults=20
      section restart: 1.1 s, loadavg 2.3 2.6 2.7 / 18 cores
PASS  boot.readyP50Ms              197.34ms  (limit 300ms)  runs 199/197/196/193/199 min 193 loadavg 2.28/18
PASS  boot.firstFrameMs            380.80ms  (limit 900ms)  ready -> first synced frame
PASS  clear.golden                 true  (limit true)  bot-3.json finish=30.349999999999998 run=30.350 faults=0
PASS  clear.finishTimeBitEqual     true  (limit true)  expected 30.349999999999998
PASS  clear.hashOk                 true  (limit true)  2bfe061963ffb058 vs pinned 2bfe061963ffb058
PASS  clear.pro.c1                 true  (limit true)  bot-3-pro.json (src matches) finish=28.15 faults=0 hash 7ebdd3902741b09d vs pinned 7ebdd3902741b09d (expected finish 28.15)
PASS  clear.pro.d3                 true  (limit true)  bot-3-pro.json (src matches) finish=32.458333333333336 faults=0 hash 774c599b55917f5a vs pinned 774c599b55917f5a (expected finish 32.458333333333336)
PASS  crash.faultWithinS           0.86s  (limit 8s)  reason=crash
PASS  fault.toControlMs            25ms  (limit 500ms)  crash tick -> restart mash on the next tick -> bike moving; auto-respawn path 1017 ms (CONTRACT §2.8: 1.0 s)
PASS  restart.ticks                1  (limit 1)  tick==0 && faulted==null after exactly one tick, 20 reps
PASS  restart.wallMsP95            0.14ms  (limit 5ms)
PASS  restart.frameMsP95           4.73ms  (limit 33ms)  restart -> synced frame
PASS  restart.noCountdown          1 ticks  (limit 12 ticks)  worst of 20 reps: held throttle after the restart tick until the bike rolls (a countdown would be 360+); first-tick roll yes; game faults=20
PASS  bundle.jsGzipKB              697.52KB  (limit 700KB)  player JS (excluding dev and fatal-error telemetry phases); outside player budget: audio-offline-C85dGBf6.js, legacy-physics-DCUmOv8k.js, retired-V9E9RKrZ.js, sentry-errors-DZ1jjk5-.js 213.9 KB gz; dist 42556 KB raw

PARTIAL (boot, clear, clearPro, crash, restart, bundle): 14/14 checks pass — not a ship verdict; report: /Users/raynos/projects/games/rockhop/harness/out/metrics/ship-gate.partial.json
