
> rockhop@0.3.2 harness:capture /Users/raynos/projects/game-demos/trials-gauntlet-demo
> tsx harness/capture.ts docs/evidence/d3-diamond-route/pro-upper.json --dev --out docs/evidence/d3-diamond-route/pro-upper-phone.mp4 --width 874 --height 330 --fps 30 --quality medium --from-tick 3200 --to-tick 3900 --mode canvas

recording: d3-rope-walk seed=1 hz=120 frames=3954 (32.95s) runs=324
== capture
  mp4                       /Users/raynos/projects/game-demos/trials-gauntlet-demo/docs/evidence/d3-diamond-route/pro-upper-phone.mp4
  sheet                     /Users/raynos/projects/game-demos/trials-gauntlet-demo/docs/evidence/d3-diamond-route/sheet.jpg
  frames captured           175
  clip seconds              5.83
  finish time (s)           null
  ticks simulated           3900
  final hash (end of clip)  2487f140b5a80d3f
  wall ms                   32798
== ffprobe
  codec       h264
  size        874x330
  fps         30
  frames      175
  duration s  5.833
  bytes       3054094
report: /Users/raynos/projects/game-demos/trials-gauntlet-demo/docs/evidence/d3-diamond-route/capture.json
