
> rockhop@0.3.2 harness:gate /Users/raynos/projects/games/rockhop
> tsx harness/gate/ship-gate.ts --only=clear,clearPro --track c1-low-tide

gate c1-low-tide: physics=bikePhysicsFactory-v2 thresholds=harness/gate/thresholds.json
WARNING dist/ is older than src/ (dist 2026-09-30T07:52:29.829Z, src 2026-09-30T07:52:45.756Z): node and browser may run different code; pass --build
renderer: ANGLE (Google, Vulkan 1.3.0 (SwiftShader Device (LLVM 10.0.0) (0x0000C0DE)), SwiftShader driver) -> SwiftShader limits apply for boot.firstFrameMs, restart.frameMsP95, perf.renderSyncedMsP95
      golden: WARNING nothing under harness/inputs/c1-low-tide/ is a rookie golden stamped src=fd8fe7c2; using newest bot-3.json (src=a415fcb8) — re-run pnpm harness:bot c1-low-tide
sections: pool of 5 (clear, clearPro, crash, determinism, camera, bundle) + timing chain (boot, restart, heap), then offline — only clear, clearPro; loadavg 12.6 38.3 39.0 / 18 cores
PASS  clear.pro.c1                 true  (limit true)  bot-3-pro.json (src matches) finish=28.15 faults=0 hash 7ebdd3902741b09d vs pinned 7ebdd3902741b09d (expected finish 28.15)
PASS  clear.pro.d3                 true  (limit true)  bot-3-pro.json (src matches) finish=32.458333333333336 faults=0 hash 774c599b55917f5a vs pinned 774c599b55917f5a (expected finish 32.458333333333336)
      section clearPro: 4.4 s, loadavg 12.6 38.3 39.0 / 18 cores
PASS  clear.golden                 true  (limit true)  bot-3.json finish=30.349999999999998 run=30.350 faults=0
PASS  clear.finishTimeBitEqual     true  (limit true)  expected 30.349999999999998
PASS  clear.hashOk                 true  (limit true)  2bfe061963ffb058 vs pinned 2bfe061963ffb058
      section clear: 4.5 s, loadavg 12.6 38.3 39.0 / 18 cores
PASS  clear.golden                 true  (limit true)  bot-3.json finish=30.349999999999998 run=30.350 faults=0
PASS  clear.finishTimeBitEqual     true  (limit true)  expected 30.349999999999998
PASS  clear.hashOk                 true  (limit true)  2bfe061963ffb058 vs pinned 2bfe061963ffb058
PASS  clear.pro.c1                 true  (limit true)  bot-3-pro.json (src matches) finish=28.15 faults=0 hash 7ebdd3902741b09d vs pinned 7ebdd3902741b09d (expected finish 28.15)
PASS  clear.pro.d3                 true  (limit true)  bot-3-pro.json (src matches) finish=32.458333333333336 faults=0 hash 774c599b55917f5a vs pinned 774c599b55917f5a (expected finish 32.458333333333336)

PARTIAL (clear, clearPro): 5/5 checks pass — not a ship verdict; report: /Users/raynos/projects/games/rockhop/harness/out/metrics/ship-gate.partial.json
