
> rockhop@0.3.2 harness:gate /Users/raynos/projects/games/rockhop
> tsx harness/gate/ship-gate.ts --track c1-low-tide --quick --jobs 1 --only=boot,clear,clearPro,crash,restart,bundle

gate c1-low-tide: physics=bikePhysicsFactory-v2 thresholds=harness/gate/thresholds.json
WARNING dist/ is older than src/ (dist 2026-09-30T08:30:03.575Z, src 2026-09-30T08:36:37.855Z): node and browser may run different code; pass --build
renderer: ANGLE (Apple, ANGLE Metal Renderer: Apple M5 Max, Unspecified Version) -> ship limits
      golden: WARNING nothing under harness/inputs/c1-low-tide/ is a rookie golden stamped src=fd8fe7c2; using newest bot-3.json (src=a415fcb8) — re-run pnpm harness:bot c1-low-tide
sections: pool of 1 (clear, clearPro, crash, determinism, camera, bundle) + timing chain (boot, restart, heap), then offline — only boot, clear, clearPro, crash, restart, bundle; loadavg 19.5 28.1 27.2 / 18 cores
PASS  clear.golden                 true  (limit true)  bot-3.json finish=30.349999999999998 run=30.350 faults=0
PASS  clear.finishTimeBitEqual     true  (limit true)  expected 30.349999999999998
PASS  clear.hashOk                 true  (limit true)  2bfe061963ffb058 vs pinned 2bfe061963ffb058
      section clear: 1.3 s, loadavg 19.5 28.1 27.2 / 18 cores
PASS  clear.pro.c1                 true  (limit true)  bot-3-pro.json (src matches) finish=28.15 faults=0 hash 7ebdd3902741b09d vs pinned 7ebdd3902741b09d (expected finish 28.15)
PASS  clear.pro.d3                 true  (limit true)  bot-3-pro.json (src matches) finish=32.458333333333336 faults=0 hash 774c599b55917f5a vs pinned 774c599b55917f5a (expected finish 32.458333333333336)
      section clearPro: 3.4 s, loadavg 20.2 28.1 27.2 / 18 cores
PASS  crash.faultWithinS           0.86s  (limit 8s)  reason=crash
PASS  fault.toControlMs            25ms  (limit 500ms)  crash tick -> restart mash on the next tick -> bike moving; auto-respawn path 1017 ms (CONTRACT §2.8: 1.0 s)
      section crash: 1.1 s, loadavg 20.2 28.1 27.2 / 18 cores
PASS  bundle.jsGzipKB              673.04KB  (limit 700KB)  player JS (excluding dev and fatal-error telemetry phases); outside player budget: audio-offline-C8WZ7G_C.js, legacy-physics-KcSpD98z.js, retired-Busj1ukd.js, sentry-errors-DZ1jjk5-.js 213.6 KB gz; dist 48203 KB raw
      section bundle: 0.0 s, loadavg 20.2 28.1 27.2 / 18 cores
      boot p50 370 ms over limit with loadavg 20.21 > 18 cores: re-sampling 3 runs
PASS  boot.readyP50Ms              264.80ms  (limit 300ms)  runs 167/265/573 min 167 loadavg 19.55/18 re-sampled under load
PASS  boot.firstFrameMs            632.35ms  (limit 900ms)  ready -> first synced frame
      section boot: 11.9 s, loadavg 19.5 27.9 27.1 / 18 cores
PASS  restart.ticks                1  (limit 1)  tick==0 && faulted==null after exactly one tick, 20 reps
PASS  restart.wallMsP95            0.46ms  (limit 5ms)
PASS  restart.frameMsP95           6.15ms  (limit 33ms)  restart -> synced frame
PASS  restart.noCountdown          1 ticks  (limit 12 ticks)  worst of 20 reps: held throttle after the restart tick until the bike rolls (a countdown would be 360+); first-tick roll yes; game faults=20
      section restart: 1.7 s, loadavg 18.9 27.6 27.0 / 18 cores
PASS  boot.readyP50Ms              264.80ms  (limit 300ms)  runs 167/265/573 min 167 loadavg 19.55/18 re-sampled under load
PASS  boot.firstFrameMs            632.35ms  (limit 900ms)  ready -> first synced frame
PASS  clear.golden                 true  (limit true)  bot-3.json finish=30.349999999999998 run=30.350 faults=0
PASS  clear.finishTimeBitEqual     true  (limit true)  expected 30.349999999999998
PASS  clear.hashOk                 true  (limit true)  2bfe061963ffb058 vs pinned 2bfe061963ffb058
PASS  clear.pro.c1                 true  (limit true)  bot-3-pro.json (src matches) finish=28.15 faults=0 hash 7ebdd3902741b09d vs pinned 7ebdd3902741b09d (expected finish 28.15)
PASS  clear.pro.d3                 true  (limit true)  bot-3-pro.json (src matches) finish=32.458333333333336 faults=0 hash 774c599b55917f5a vs pinned 774c599b55917f5a (expected finish 32.458333333333336)
PASS  crash.faultWithinS           0.86s  (limit 8s)  reason=crash
PASS  fault.toControlMs            25ms  (limit 500ms)  crash tick -> restart mash on the next tick -> bike moving; auto-respawn path 1017 ms (CONTRACT §2.8: 1.0 s)
PASS  restart.ticks                1  (limit 1)  tick==0 && faulted==null after exactly one tick, 20 reps
PASS  restart.wallMsP95            0.46ms  (limit 5ms)
PASS  restart.frameMsP95           6.15ms  (limit 33ms)  restart -> synced frame
PASS  restart.noCountdown          1 ticks  (limit 12 ticks)  worst of 20 reps: held throttle after the restart tick until the bike rolls (a countdown would be 360+); first-tick roll yes; game faults=20
PASS  bundle.jsGzipKB              673.04KB  (limit 700KB)  player JS (excluding dev and fatal-error telemetry phases); outside player budget: audio-offline-C8WZ7G_C.js, legacy-physics-KcSpD98z.js, retired-Busj1ukd.js, sentry-errors-DZ1jjk5-.js 213.6 KB gz; dist 48203 KB raw

PARTIAL (boot, clear, clearPro, crash, restart, bundle): 14/14 checks pass — not a ship verdict; report: /Users/raynos/projects/games/rockhop/harness/out/metrics/ship-gate.partial.json
